// Jest Snapshot v1, https://goo.gl/fbAQLP

exports[`AdminUserProfileScreen renders correctly 1`] = `
<View
  style={
    {
      "alignItems": "center",
      "flex": 1,
    }
  }
>
  <View
    style={
      [
        {
          "width": "100%",
        },
        {
          "zIndex": 5000,
        },
        {},
      ]
    }
  >
    <View
      accessibilityState={
        {
          "busy": undefined,
          "checked": undefined,
          "disabled": false,
          "expanded": undefined,
          "selected": undefined,
        }
      }
      accessibilityValue={
        {
          "max": undefined,
          "min": undefined,
          "now": undefined,
          "text": undefined,
        }
      }
      accessible={true}
      collapsable={false}
      focusable={true}
      onClick={[Function]}
      onLayout={[Function]}
      onResponderGrant={[Function]}
      onResponderMove={[Function]}
      onResponderRelease={[Function]}
      onResponderTerminate={[Function]}
      onResponderTerminationRequest={[Function]}
      onStartShouldSetResponder={[Function]}
      style={
        {
          "alignItems": "center",
          "backgroundColor": "#fff",
          "borderColor": "#000",
          "borderRadius": 8,
          "borderWidth": 1,
          "flexDirection": "row",
          "justifyContent": "space-between",
          "minHeight": 50,
          "opacity": 1,
          "paddingHorizontal": 10,
          "paddingVertical": 3,
          "width": "100%",
          "zIndex": 5000,
        }
      }
      testID="user_dropdown"
    >
      <Text
        style={
          [
            {
              "color": "#000",
              "flex": 1,
            },
            {},
            false,
            {},
          ]
        }
      >
        Select an item
      </Text>
      <View
        style={
          [
            {
              "marginLeft": 10,
            },
            {},
          ]
        }
      >
        <Image
          source={1}
          style={
            [
              {
                "height": 20,
                "width": 20,
              },
              {},
            ]
          }
        />
      </View>
    </View>
  </View>
  <Text
    style={
      {
        "marginBottom": 10,
        "marginLeft": 30,
        "marginRight": 30,
        "marginTop": 10,
        "paddingLeft": 16,
      }
    }
  >
    User ID
  </Text>
  <TextInput
    editable={false}
    placeholder="No user selected"
    placeholderTextColor="#aaaaaa"
    style={
      {
        "backgroundColor": "white",
        "borderRadius": 5,
        "height": 48,
        "marginBottom": 10,
        "marginLeft": 30,
        "marginRight": 30,
        "marginTop": 10,
        "overflow": "hidden",
        "paddingLeft": 16,
      }
    }
    testID="uid_input"
    underlineColorAndroid="transparent"
    value=""
  />
  <Text
    style={
      {
        "marginBottom": 10,
        "marginLeft": 30,
        "marginRight": 30,
        "marginTop": 10,
        "paddingLeft": 16,
      }
    }
  >
    First Name
  </Text>
  <TextInput
    autoCapitalize="none"
    editable={false}
    onChangeText={[Function]}
    placeholder="First Name"
    placeholderTextColor="#aaaaaa"
    style={
      {
        "backgroundColor": "white",
        "borderRadius": 5,
        "height": 48,
        "marginBottom": 10,
        "marginLeft": 30,
        "marginRight": 30,
        "marginTop": 10,
        "overflow": "hidden",
        "paddingLeft": 16,
      }
    }
    testID="firstName_input"
    underlineColorAndroid="transparent"
    value=""
  />
  <Text
    style={
      {
        "marginBottom": 10,
        "marginLeft": 30,
        "marginRight": 30,
        "marginTop": 10,
        "paddingLeft": 16,
      }
    }
  >
    Surname
  </Text>
  <TextInput
    autoCapitalize="none"
    editable={false}
    onChangeText={[Function]}
    placeholder="Surname"
    placeholderTextColor="#aaaaaa"
    style={
      {
        "backgroundColor": "white",
        "borderRadius": 5,
        "height": 48,
        "marginBottom": 10,
        "marginLeft": 30,
        "marginRight": 30,
        "marginTop": 10,
        "overflow": "hidden",
        "paddingLeft": 16,
      }
    }
    testID="surname_input"
    underlineColorAndroid="transparent"
    value=""
  />
  <Text
    style={
      {
        "marginBottom": 10,
        "marginLeft": 30,
        "marginRight": 30,
        "marginTop": 10,
        "paddingLeft": 16,
      }
    }
  >
    Email
  </Text>
  <TextInput
    autoCapitalize="none"
    editable={false}
    onChangeText={[Function]}
    placeholder="E-mail"
    placeholderTextColor="#aaaaaa"
    style={
      {
        "backgroundColor": "white",
        "borderRadius": 5,
        "height": 48,
        "marginBottom": 10,
        "marginLeft": 30,
        "marginRight": 30,
        "marginTop": 10,
        "overflow": "hidden",
        "paddingLeft": 16,
      }
    }
    testID="email_input"
    underlineColorAndroid="transparent"
    value=""
  />
  <Text
    style={
      {
        "marginBottom": 10,
        "marginLeft": 30,
        "marginRight": 30,
        "marginTop": 10,
        "paddingLeft": 16,
      }
    }
  >
    Role
  </Text>
  <View
    style={
      [
        {
          "flexDirection": "row",
        },
        undefined,
      ]
    }
  >
    <View
      style={
        [
          {
            "backgroundColor": "transparent",
            "borderBottomRightRadius": 0,
            "borderColor": "rgba(28, 27, 31, 0.12)",
            "borderRadius": 20,
            "borderRightWidth": 0,
            "borderTopRightRadius": 0,
            "borderWidth": 1,
          },
          {
            "borderStyle": "solid",
            "flex": 1,
            "minWidth": 76,
          },
          [
            undefined,
            {},
          ],
        ]
      }
    >
      <View
        accessibilityRole="button"
        accessibilityState={
          {
            "busy": undefined,
            "checked": false,
            "disabled": true,
            "expanded": undefined,
            "selected": undefined,
          }
        }
        accessibilityValue={
          {
            "max": undefined,
            "min": undefined,
            "now": undefined,
            "text": undefined,
          }
        }
        accessible={true}
        collapsable={false}
        focusable={true}
        onBlur={[Function]}
        onClick={[Function]}
        onFocus={[Function]}
        onResponderGrant={[Function]}
        onResponderMove={[Function]}
        onResponderRelease={[Function]}
        onResponderTerminate={[Function]}
        onResponderTerminationRequest={[Function]}
        onStartShouldSetResponder={[Function]}
        style={
          [
            {
              "overflow": "hidden",
            },
            {
              "borderBottomRightRadius": 0,
              "borderRadius": 20,
              "borderRightWidth": 0,
              "borderTopRightRadius": 0,
            },
          ]
        }
        testID="user_button"
      >
        <View
          style={
            [
              {
                "alignItems": "center",
                "flexDirection": "row",
                "justifyContent": "center",
                "paddingHorizontal": 16,
                "paddingVertical": 9,
              },
              {
                "paddingVertical": 9,
              },
            ]
          }
        >
          <Text
            numberOfLines={1}
            selectable={false}
            style={
              [
                {
                  "textAlign": "left",
                },
                {
                  "color": "rgba(28, 27, 31, 1)",
                  "writingDirection": "ltr",
                },
                [
                  {
                    "fontFamily": "System",
                    "fontSize": 14,
                    "fontWeight": "500",
                    "letterSpacing": 0.1,
                    "lineHeight": 20,
                  },
                  [
                    {
                      "textAlign": "center",
                    },
                    {
                      "color": "rgba(28, 27, 31, 0.38)",
                      "fontFamily": "System",
                      "fontSize": 14,
                      "fontWeight": "500",
                      "letterSpacing": 0.1,
                      "lineHeight": 20,
                    },
                    undefined,
                  ],
                ],
              ]
            }
            testID="user_button-label"
          >
            User
          </Text>
        </View>
      </View>
    </View>
    <View
      style={
        [
          {
            "backgroundColor": "transparent",
            "borderBottomLeftRadius": 0,
            "borderColor": "rgba(28, 27, 31, 0.12)",
            "borderRadius": 20,
            "borderTopLeftRadius": 0,
            "borderWidth": 1,
          },
          {
            "borderStyle": "solid",
            "flex": 1,
            "minWidth": 76,
          },
          [
            undefined,
            {},
          ],
        ]
      }
    >
      <View
        accessibilityRole="button"
        accessibilityState={
          {
            "busy": undefined,
            "checked": false,
            "disabled": true,
            "expanded": undefined,
            "selected": undefined,
          }
        }
        accessibilityValue={
          {
            "max": undefined,
            "min": undefined,
            "now": undefined,
            "text": undefined,
          }
        }
        accessible={true}
        collapsable={false}
        focusable={true}
        onBlur={[Function]}
        onClick={[Function]}
        onFocus={[Function]}
        onResponderGrant={[Function]}
        onResponderMove={[Function]}
        onResponderRelease={[Function]}
        onResponderTerminate={[Function]}
        onResponderTerminationRequest={[Function]}
        onStartShouldSetResponder={[Function]}
        style={
          [
            {
              "overflow": "hidden",
            },
            {
              "borderBottomLeftRadius": 0,
              "borderRadius": 20,
              "borderTopLeftRadius": 0,
            },
          ]
        }
        testID="manager_button"
      >
        <View
          style={
            [
              {
                "alignItems": "center",
                "flexDirection": "row",
                "justifyContent": "center",
                "paddingHorizontal": 16,
                "paddingVertical": 9,
              },
              {
                "paddingVertical": 9,
              },
            ]
          }
        >
          <Text
            numberOfLines={1}
            selectable={false}
            style={
              [
                {
                  "textAlign": "left",
                },
                {
                  "color": "rgba(28, 27, 31, 1)",
                  "writingDirection": "ltr",
                },
                [
                  {
                    "fontFamily": "System",
                    "fontSize": 14,
                    "fontWeight": "500",
                    "letterSpacing": 0.1,
                    "lineHeight": 20,
                  },
                  [
                    {
                      "textAlign": "center",
                    },
                    {
                      "color": "rgba(28, 27, 31, 0.38)",
                      "fontFamily": "System",
                      "fontSize": 14,
                      "fontWeight": "500",
                      "letterSpacing": 0.1,
                      "lineHeight": 20,
                    },
                    undefined,
                  ],
                ],
              ]
            }
            testID="manager_button-label"
          >
            Manager
          </Text>
        </View>
      </View>
    </View>
  </View>
  <Text
    style={
      {
        "marginBottom": 10,
        "marginLeft": 30,
        "marginRight": 30,
        "marginTop": 10,
        "paddingLeft": 16,
      }
    }
  >
    Manager
  </Text>
  <View
    style={
      [
        {
          "width": "100%",
        },
        {
          "zIndex": 5000,
        },
        {},
      ]
    }
  >
    <View
      accessibilityState={
        {
          "busy": undefined,
          "checked": undefined,
          "disabled": false,
          "expanded": undefined,
          "selected": undefined,
        }
      }
      accessibilityValue={
        {
          "max": undefined,
          "min": undefined,
          "now": undefined,
          "text": undefined,
        }
      }
      accessible={true}
      collapsable={false}
      focusable={true}
      onClick={[Function]}
      onLayout={[Function]}
      onResponderGrant={[Function]}
      onResponderMove={[Function]}
      onResponderRelease={[Function]}
      onResponderTerminate={[Function]}
      onResponderTerminationRequest={[Function]}
      onStartShouldSetResponder={[Function]}
      style={
        {
          "alignItems": "center",
          "backgroundColor": "#fff",
          "borderColor": "#000",
          "borderRadius": 8,
          "borderWidth": 1,
          "flexDirection": "row",
          "justifyContent": "space-between",
          "minHeight": 50,
          "opacity": 1,
          "paddingHorizontal": 10,
          "paddingVertical": 3,
          "width": "100%",
          "zIndex": 5000,
        }
      }
      testID="manager_dropdown"
    >
      <Text
        style={
          [
            {
              "color": "#000",
              "flex": 1,
            },
            {},
            false,
            {},
          ]
        }
      >
        Select an item
      </Text>
      <View
        style={
          [
            {
              "marginLeft": 10,
            },
            {},
          ]
        }
      >
        <Image
          source={1}
          style={
            [
              {
                "height": 20,
                "width": 20,
              },
              {},
            ]
          }
        />
      </View>
    </View>
  </View>
  <Text
    style={
      {
        "marginBottom": 10,
        "marginLeft": 30,
        "marginRight": 30,
        "marginTop": 10,
        "paddingLeft": 16,
      }
    }
  >
    PTO Allowance
  </Text>
  <TextInput
    autoCapitalize="none"
    editable={false}
    onChangeText={[Function]}
    placeholder="PTO Allowance"
    placeholderTextColor="#aaaaaa"
    style={
      {
        "backgroundColor": "white",
        "borderRadius": 5,
        "height": 48,
        "marginBottom": 10,
        "marginLeft": 30,
        "marginRight": 30,
        "marginTop": 10,
        "overflow": "hidden",
        "paddingLeft": 16,
      }
    }
    testID="pto_allowance_input"
    underlineColorAndroid="transparent"
    value=""
  />
  <Text
    style={
      {
        "marginBottom": 10,
        "marginLeft": 30,
        "marginRight": 30,
        "marginTop": 10,
        "paddingLeft": 16,
      }
    }
  >
    PTO Used
  </Text>
  <TextInput
    autoCapitalize="none"
    editable={false}
    onChangeText={[Function]}
    placeholder="PTO Used"
    placeholderTextColor="#aaaaaa"
    style={
      {
        "backgroundColor": "white",
        "borderRadius": 5,
        "height": 48,
        "marginBottom": 10,
        "marginLeft": 30,
        "marginRight": 30,
        "marginTop": 10,
        "overflow": "hidden",
        "paddingLeft": 16,
      }
    }
    testID="pto_used_input"
    underlineColorAndroid="transparent"
    value=""
  />
  <View
    accessibilityState={
      {
        "busy": undefined,
        "checked": undefined,
        "disabled": undefined,
        "expanded": undefined,
        "selected": undefined,
      }
    }
    accessibilityValue={
      {
        "max": undefined,
        "min": undefined,
        "now": undefined,
        "text": undefined,
      }
    }
    accessible={true}
    collapsable={false}
    focusable={true}
    onClick={[Function]}
    onResponderGrant={[Function]}
    onResponderMove={[Function]}
    onResponderRelease={[Function]}
    onResponderTerminate={[Function]}
    onResponderTerminationRequest={[Function]}
    onStartShouldSetResponder={[Function]}
    style={
      {
        "alignItems": "center",
        "backgroundColor": "grey",
        "borderRadius": 5,
        "height": 48,
        "justifyContent": "center",
        "marginLeft": 30,
        "marginRight": 30,
        "marginTop": 20,
        "opacity": 1,
      }
    }
    testID="update_button"
  >
    <Text
      style={
        {
          "color": "white",
          "fontSize": 16,
          "fontWeight": "bold",
        }
      }
    >
      Update Profile
    </Text>
  </View>
  <View
    accessibilityState={
      {
        "busy": undefined,
        "checked": undefined,
        "disabled": undefined,
        "expanded": undefined,
        "selected": undefined,
      }
    }
    accessibilityValue={
      {
        "max": undefined,
        "min": undefined,
        "now": undefined,
        "text": undefined,
      }
    }
    accessible={true}
    collapsable={false}
    focusable={true}
    onClick={[Function]}
    onResponderGrant={[Function]}
    onResponderMove={[Function]}
    onResponderRelease={[Function]}
    onResponderTerminate={[Function]}
    onResponderTerminationRequest={[Function]}
    onStartShouldSetResponder={[Function]}
    style={
      {
        "alignItems": "center",
        "backgroundColor": "grey",
        "borderRadius": 5,
        "height": 48,
        "justifyContent": "center",
        "marginLeft": 30,
        "marginRight": 30,
        "marginTop": 20,
        "opacity": 1,
      }
    }
    testID="remove_button"
  >
    <Text
      style={
        {
          "color": "white",
          "fontSize": 16,
          "fontWeight": "bold",
        }
      }
    >
      Remove User
    </Text>
  </View>
</View>
`;
