// Jest Snapshot v1, https://goo.gl/fbAQLP

exports[`UserActivityScreen renders correctly 1`] = `
<View
  style={
    {
      "alignContent": "center",
      "flex": 1,
      "width": "100%",
    }
  }
>
  <View>
    <View
      style={
        {
          "backgroundColor": "rgba(255, 251, 254, 1)",
        }
      }
    >
      <View
        accessibilityRole="button"
        accessibilityState={
          {
            "busy": undefined,
            "checked": undefined,
            "disabled": false,
            "expanded": false,
            "selected": undefined,
          }
        }
        accessibilityValue={
          {
            "max": undefined,
            "min": undefined,
            "now": undefined,
            "text": undefined,
          }
        }
        accessible={true}
        collapsable={false}
        focusable={true}
        onBlur={[Function]}
        onClick={[Function]}
        onFocus={[Function]}
        onResponderGrant={[Function]}
        onResponderMove={[Function]}
        onResponderRelease={[Function]}
        onResponderTerminate={[Function]}
        onResponderTerminationRequest={[Function]}
        onStartShouldSetResponder={[Function]}
        style={
          [
            {
              "overflow": "hidden",
            },
            [
              {
                "paddingRight": 24,
                "paddingVertical": 8,
              },
              undefined,
            ],
          ]
        }
      >
        <View
          pointerEvents="none"
          style={
            {
              "flexDirection": "row",
              "marginVertical": 6,
            }
          }
        >
          <View
            style={
              [
                {
                  "paddingLeft": 16,
                },
                {
                  "flex": 1,
                  "justifyContent": "center",
                },
              ]
            }
          >
            <Text
              numberOfLines={1}
              selectable={false}
              style={
                [
                  {
                    "textAlign": "left",
                  },
                  {
                    "color": "rgba(28, 27, 31, 1)",
                    "fontFamily": "System",
                    "fontWeight": "400",
                    "letterSpacing": 0,
                  },
                  {
                    "writingDirection": "ltr",
                  },
                  [
                    {
                      "fontSize": 16,
                    },
                    {
                      "color": "rgba(28, 27, 31, 1)",
                    },
                    undefined,
                  ],
                ]
              }
            >
              Pending
            </Text>
          </View>
          <View
            style={
              [
                {
                  "marginVertical": 6,
                  "paddingLeft": 8,
                },
                undefined,
              ]
            }
          >
            <Text />
          </View>
        </View>
      </View>
    </View>
  </View>
  <View>
    <View
      style={
        {
          "backgroundColor": "rgba(255, 251, 254, 1)",
        }
      }
    >
      <View
        accessibilityRole="button"
        accessibilityState={
          {
            "busy": undefined,
            "checked": undefined,
            "disabled": false,
            "expanded": false,
            "selected": undefined,
          }
        }
        accessibilityValue={
          {
            "max": undefined,
            "min": undefined,
            "now": undefined,
            "text": undefined,
          }
        }
        accessible={true}
        collapsable={false}
        focusable={true}
        onBlur={[Function]}
        onClick={[Function]}
        onFocus={[Function]}
        onResponderGrant={[Function]}
        onResponderMove={[Function]}
        onResponderRelease={[Function]}
        onResponderTerminate={[Function]}
        onResponderTerminationRequest={[Function]}
        onStartShouldSetResponder={[Function]}
        style={
          [
            {
              "overflow": "hidden",
            },
            [
              {
                "paddingRight": 24,
                "paddingVertical": 8,
              },
              undefined,
            ],
          ]
        }
      >
        <View
          pointerEvents="none"
          style={
            {
              "flexDirection": "row",
              "marginVertical": 6,
            }
          }
        >
          <View
            style={
              [
                {
                  "paddingLeft": 16,
                },
                {
                  "flex": 1,
                  "justifyContent": "center",
                },
              ]
            }
          >
            <Text
              numberOfLines={1}
              selectable={false}
              style={
                [
                  {
                    "textAlign": "left",
                  },
                  {
                    "color": "rgba(28, 27, 31, 1)",
                    "fontFamily": "System",
                    "fontWeight": "400",
                    "letterSpacing": 0,
                  },
                  {
                    "writingDirection": "ltr",
                  },
                  [
                    {
                      "fontSize": 16,
                    },
                    {
                      "color": "rgba(28, 27, 31, 1)",
                    },
                    undefined,
                  ],
                ]
              }
            >
              Approved
            </Text>
          </View>
          <View
            style={
              [
                {
                  "marginVertical": 6,
                  "paddingLeft": 8,
                },
                undefined,
              ]
            }
          >
            <Text />
          </View>
        </View>
      </View>
    </View>
  </View>
  <View>
    <View
      style={
        {
          "backgroundColor": "rgba(255, 251, 254, 1)",
        }
      }
    >
      <View
        accessibilityRole="button"
        accessibilityState={
          {
            "busy": undefined,
            "checked": undefined,
            "disabled": false,
            "expanded": false,
            "selected": undefined,
          }
        }
        accessibilityValue={
          {
            "max": undefined,
            "min": undefined,
            "now": undefined,
            "text": undefined,
          }
        }
        accessible={true}
        collapsable={false}
        focusable={true}
        onBlur={[Function]}
        onClick={[Function]}
        onFocus={[Function]}
        onResponderGrant={[Function]}
        onResponderMove={[Function]}
        onResponderRelease={[Function]}
        onResponderTerminate={[Function]}
        onResponderTerminationRequest={[Function]}
        onStartShouldSetResponder={[Function]}
        style={
          [
            {
              "overflow": "hidden",
            },
            [
              {
                "paddingRight": 24,
                "paddingVertical": 8,
              },
              undefined,
            ],
          ]
        }
      >
        <View
          pointerEvents="none"
          style={
            {
              "flexDirection": "row",
              "marginVertical": 6,
            }
          }
        >
          <View
            style={
              [
                {
                  "paddingLeft": 16,
                },
                {
                  "flex": 1,
                  "justifyContent": "center",
                },
              ]
            }
          >
            <Text
              numberOfLines={1}
              selectable={false}
              style={
                [
                  {
                    "textAlign": "left",
                  },
                  {
                    "color": "rgba(28, 27, 31, 1)",
                    "fontFamily": "System",
                    "fontWeight": "400",
                    "letterSpacing": 0,
                  },
                  {
                    "writingDirection": "ltr",
                  },
                  [
                    {
                      "fontSize": 16,
                    },
                    {
                      "color": "rgba(28, 27, 31, 1)",
                    },
                    undefined,
                  ],
                ]
              }
            >
              Denied
            </Text>
          </View>
          <View
            style={
              [
                {
                  "marginVertical": 6,
                  "paddingLeft": 8,
                },
                undefined,
              ]
            }
          >
            <Text />
          </View>
        </View>
      </View>
    </View>
  </View>
</View>
`;
